Wed, 14 May 2025 09:15:38  INFO loadding data
Wed, 14 May 2025 09:15:38  INFO reading category information
Wed, 14 May 2025 09:15:43  INFO reading train data
Wed, 14 May 2025 09:15:47  INFO reading valid data
Wed, 14 May 2025 09:15:48  INFO reading test data
Wed, 14 May 2025 09:15:48  INFO get weight for each sample
Wed, 14 May 2025 09:15:49  INFO Using already trained model
Wed, 14 May 2025 09:15:49  INFO loading best model for test
Wed, 14 May 2025 09:15:49  INFO begin testing
Wed, 14 May 2025 09:15:55  INFO loading embedding provider from .\embedding_providers\TaoBao\TaoBao_m_dgrec_lr_0.05_es_32_bs_2048_wd_8e-08_l_1_nn_4_s_2022_k_20_sigma_1.0_gamma_2.0_coef0_1.0_degree_2.0_bc_0.9_kf_tanh_sf_original_p_enabled_DCCa_0.008_FDCC_a_0.008_DILAD_b_0.004.pt
Wed, 14 May 2025 09:15:57  INFO loading embedding provider from .\embedding_providers\TaoBao\TaoBao_m_dgrec_lr_0.05_es_32_bs_2048_wd_8e-08_l_1_nn_4_s_2022_k_20_sigma_1.0_gamma_2.0_coef0_1.0_degree_2.0_bc_0.9_kf_tanh_sf_original_p_enabled_DCCa_0.008_FDCC_a_0.008_DILAD_b_0.004.pt
Wed, 14 May 2025 09:15:59  INFO loading embedding provider from .\embedding_providers\TaoBao\TaoBao_m_dgrec_lr_0.05_es_32_bs_2048_wd_8e-08_l_1_nn_4_s_2022_k_20_sigma_1.0_gamma_2.0_coef0_1.0_degree_2.0_bc_0.9_kf_tanh_sf_original_p_enabled_DCCa_0.008_FDCC_a_0.008_DILAD_b_0.004.pt
Wed, 14 May 2025 09:16:01  INFO loading embedding provider from .\embedding_providers\TaoBao\TaoBao_m_dgrec_lr_0.05_es_32_bs_2048_wd_8e-08_l_1_nn_4_s_2022_k_20_sigma_1.0_gamma_2.0_coef0_1.0_degree_2.0_bc_0.9_kf_tanh_sf_original_p_enabled_DCCa_0.008_FDCC_a_0.008_DILAD_b_0.004.pt
Wed, 14 May 2025 09:16:05  INFO loading embedding provider from .\embedding_providers\TaoBao\TaoBao_m_dgrec_lr_0.05_es_32_bs_2048_wd_8e-08_l_1_nn_4_s_2022_k_20_sigma_1.0_gamma_2.0_coef0_1.0_degree_2.0_bc_0.9_kf_tanh_sf_original_p_enabled_DCCa_0.008_FDCC_a_0.008_DILAD_b_0.004.pt
Wed, 14 May 2025 09:16:07  INFO loading embedding provider from .\embedding_providers\TaoBao\TaoBao_m_dgrec_lr_0.05_es_32_bs_2048_wd_8e-08_l_1_nn_4_s_2022_k_20_sigma_1.0_gamma_2.0_coef0_1.0_degree_2.0_bc_0.9_kf_tanh_sf_original_p_enabled_DCCa_0.008_FDCC_a_0.008_DILAD_b_0.004.pt
Wed, 14 May 2025 09:16:09  INFO loading embedding provider from .\embedding_providers\TaoBao\TaoBao_m_dgrec_lr_0.05_es_32_bs_2048_wd_8e-08_l_1_nn_4_s_2022_k_20_sigma_1.0_gamma_2.0_coef0_1.0_degree_2.0_bc_0.9_kf_tanh_sf_original_p_enabled_DCCa_0.008_FDCC_a_0.008_DILAD_b_0.004.pt
Wed, 14 May 2025 09:16:11  INFO loading embedding provider from .\embedding_providers\TaoBao\TaoBao_m_dgrec_lr_0.05_es_32_bs_2048_wd_8e-08_l_1_nn_4_s_2022_k_20_sigma_1.0_gamma_2.0_coef0_1.0_degree_2.0_bc_0.9_kf_tanh_sf_original_p_enabled_DCCa_0.008_FDCC_a_0.008_DILAD_b_0.004.pt
Wed, 14 May 2025 09:16:15  INFO loading embedding provider from .\embedding_providers\TaoBao\TaoBao_m_dgrec_lr_0.05_es_32_bs_2048_wd_8e-08_l_1_nn_4_s_2022_k_20_sigma_1.0_gamma_2.0_coef0_1.0_degree_2.0_bc_0.9_kf_tanh_sf_original_p_enabled_DCCa_0.008_FDCC_a_0.008_DILAD_b_0.004.pt
Wed, 14 May 2025 09:16:18  INFO loading embedding provider from .\embedding_providers\TaoBao\TaoBao_m_dgrec_lr_0.05_es_32_bs_2048_wd_8e-08_l_1_nn_4_s_2022_k_20_sigma_1.0_gamma_2.0_coef0_1.0_degree_2.0_bc_0.9_kf_tanh_sf_original_p_enabled_DCCa_0.008_FDCC_a_0.008_DILAD_b_0.004.pt
Wed, 14 May 2025 09:16:20  INFO loading embedding provider from .\embedding_providers\TaoBao\TaoBao_m_dgrec_lr_0.05_es_32_bs_2048_wd_8e-08_l_1_nn_4_s_2022_k_20_sigma_1.0_gamma_2.0_coef0_1.0_degree_2.0_bc_0.9_kf_tanh_sf_original_p_enabled_DCCa_0.008_FDCC_a_0.008_DILAD_b_0.004.pt
Wed, 14 May 2025 09:16:23  INFO loading embedding provider from .\embedding_providers\TaoBao\TaoBao_m_dgrec_lr_0.05_es_32_bs_2048_wd_8e-08_l_1_nn_4_s_2022_k_20_sigma_1.0_gamma_2.0_coef0_1.0_degree_2.0_bc_0.9_kf_tanh_sf_original_p_enabled_DCCa_0.008_FDCC_a_0.008_DILAD_b_0.004.pt
Wed, 14 May 2025 09:16:26  INFO loading embedding provider from .\embedding_providers\TaoBao\TaoBao_m_dgrec_lr_0.05_es_32_bs_2048_wd_8e-08_l_1_nn_4_s_2022_k_20_sigma_1.0_gamma_2.0_coef0_1.0_degree_2.0_bc_0.9_kf_tanh_sf_original_p_enabled_DCCa_0.008_FDCC_a_0.008_DILAD_b_0.004.pt
Wed, 14 May 2025 09:16:29  INFO loading embedding provider from .\embedding_providers\TaoBao\TaoBao_m_dgrec_lr_0.05_es_32_bs_2048_wd_8e-08_l_1_nn_4_s_2022_k_20_sigma_1.0_gamma_2.0_coef0_1.0_degree_2.0_bc_0.9_kf_tanh_sf_original_p_enabled_DCCa_0.008_FDCC_a_0.008_DILAD_b_0.004.pt
Wed, 14 May 2025 09:16:31  INFO loading embedding provider from .\embedding_providers\TaoBao\TaoBao_m_dgrec_lr_0.05_es_32_bs_2048_wd_8e-08_l_1_nn_4_s_2022_k_20_sigma_1.0_gamma_2.0_coef0_1.0_degree_2.0_bc_0.9_kf_tanh_sf_original_p_enabled_DCCa_0.008_FDCC_a_0.008_DILAD_b_0.004.pt
Wed, 14 May 2025 09:16:33  INFO loading embedding provider from .\embedding_providers\TaoBao\TaoBao_m_dgrec_lr_0.05_es_32_bs_2048_wd_8e-08_l_1_nn_4_s_2022_k_20_sigma_1.0_gamma_2.0_coef0_1.0_degree_2.0_bc_0.9_kf_tanh_sf_original_p_enabled_DCCa_0.008_FDCC_a_0.008_DILAD_b_0.004.pt
Wed, 14 May 2025 09:16:37  INFO loading embedding provider from .\embedding_providers\TaoBao\TaoBao_m_dgrec_lr_0.05_es_32_bs_2048_wd_8e-08_l_1_nn_4_s_2022_k_20_sigma_1.0_gamma_2.0_coef0_1.0_degree_2.0_bc_0.9_kf_tanh_sf_original_p_enabled_DCCa_0.008_FDCC_a_0.008_DILAD_b_0.004.pt
Wed, 14 May 2025 09:16:39  INFO loading embedding provider from .\embedding_providers\TaoBao\TaoBao_m_dgrec_lr_0.05_es_32_bs_2048_wd_8e-08_l_1_nn_4_s_2022_k_20_sigma_1.0_gamma_2.0_coef0_1.0_degree_2.0_bc_0.9_kf_tanh_sf_original_p_enabled_DCCa_0.008_FDCC_a_0.008_DILAD_b_0.004.pt
Wed, 14 May 2025 09:16:41  INFO loading embedding provider from .\embedding_providers\TaoBao\TaoBao_m_dgrec_lr_0.05_es_32_bs_2048_wd_8e-08_l_1_nn_4_s_2022_k_20_sigma_1.0_gamma_2.0_coef0_1.0_degree_2.0_bc_0.9_kf_tanh_sf_original_p_enabled_DCCa_0.008_FDCC_a_0.008_DILAD_b_0.004.pt
Wed, 14 May 2025 09:16:44  INFO loading embedding provider from .\embedding_providers\TaoBao\TaoBao_m_dgrec_lr_0.05_es_32_bs_2048_wd_8e-08_l_1_nn_4_s_2022_k_20_sigma_1.0_gamma_2.0_coef0_1.0_degree_2.0_bc_0.9_kf_tanh_sf_original_p_enabled_DCCa_0.008_FDCC_a_0.008_DILAD_b_0.004.pt
Wed, 14 May 2025 09:16:47  INFO loading embedding provider from .\embedding_providers\TaoBao\TaoBao_m_dgrec_lr_0.05_es_32_bs_2048_wd_8e-08_l_1_nn_4_s_2022_k_20_sigma_1.0_gamma_2.0_coef0_1.0_degree_2.0_bc_0.9_kf_tanh_sf_original_p_enabled_DCCa_0.008_FDCC_a_0.008_DILAD_b_0.004.pt
Wed, 14 May 2025 09:16:49  INFO loading embedding provider from .\embedding_providers\TaoBao\TaoBao_m_dgrec_lr_0.05_es_32_bs_2048_wd_8e-08_l_1_nn_4_s_2022_k_20_sigma_1.0_gamma_2.0_coef0_1.0_degree_2.0_bc_0.9_kf_tanh_sf_original_p_enabled_DCCa_0.008_FDCC_a_0.008_DILAD_b_0.004.pt
Wed, 14 May 2025 09:16:51  INFO loading embedding provider from .\embedding_providers\TaoBao\TaoBao_m_dgrec_lr_0.05_es_32_bs_2048_wd_8e-08_l_1_nn_4_s_2022_k_20_sigma_1.0_gamma_2.0_coef0_1.0_degree_2.0_bc_0.9_kf_tanh_sf_original_p_enabled_DCCa_0.008_FDCC_a_0.008_DILAD_b_0.004.pt
Wed, 14 May 2025 09:16:53  INFO loading embedding provider from .\embedding_providers\TaoBao\TaoBao_m_dgrec_lr_0.05_es_32_bs_2048_wd_8e-08_l_1_nn_4_s_2022_k_20_sigma_1.0_gamma_2.0_coef0_1.0_degree_2.0_bc_0.9_kf_tanh_sf_original_p_enabled_DCCa_0.008_FDCC_a_0.008_DILAD_b_0.004.pt
Wed, 14 May 2025 09:16:57  INFO loading embedding provider from .\embedding_providers\TaoBao\TaoBao_m_dgrec_lr_0.05_es_32_bs_2048_wd_8e-08_l_1_nn_4_s_2022_k_20_sigma_1.0_gamma_2.0_coef0_1.0_degree_2.0_bc_0.9_kf_tanh_sf_original_p_enabled_DCCa_0.008_FDCC_a_0.008_DILAD_b_0.004.pt
Wed, 14 May 2025 09:16:58  INFO loading embedding provider from .\embedding_providers\TaoBao\TaoBao_m_dgrec_lr_0.05_es_32_bs_2048_wd_8e-08_l_1_nn_4_s_2022_k_20_sigma_1.0_gamma_2.0_coef0_1.0_degree_2.0_bc_0.9_kf_tanh_sf_original_p_enabled_DCCa_0.008_FDCC_a_0.008_DILAD_b_0.004.pt
Wed, 14 May 2025 09:17:01  INFO loading embedding provider from .\embedding_providers\TaoBao\TaoBao_m_dgrec_lr_0.05_es_32_bs_2048_wd_8e-08_l_1_nn_4_s_2022_k_20_sigma_1.0_gamma_2.0_coef0_1.0_degree_2.0_bc_0.9_kf_tanh_sf_original_p_enabled_DCCa_0.008_FDCC_a_0.008_DILAD_b_0.004.pt
Wed, 14 May 2025 09:17:03  INFO loading embedding provider from .\embedding_providers\TaoBao\TaoBao_m_dgrec_lr_0.05_es_32_bs_2048_wd_8e-08_l_1_nn_4_s_2022_k_20_sigma_1.0_gamma_2.0_coef0_1.0_degree_2.0_bc_0.9_kf_tanh_sf_original_p_enabled_DCCa_0.008_FDCC_a_0.008_DILAD_b_0.004.pt
Wed, 14 May 2025 09:17:06  INFO loading embedding provider from .\embedding_providers\TaoBao\TaoBao_m_dgrec_lr_0.05_es_32_bs_2048_wd_8e-08_l_1_nn_4_s_2022_k_20_sigma_1.0_gamma_2.0_coef0_1.0_degree_2.0_bc_0.9_kf_tanh_sf_original_p_enabled_DCCa_0.008_FDCC_a_0.008_DILAD_b_0.004.pt
Wed, 14 May 2025 09:17:08  INFO loading embedding provider from .\embedding_providers\TaoBao\TaoBao_m_dgrec_lr_0.05_es_32_bs_2048_wd_8e-08_l_1_nn_4_s_2022_k_20_sigma_1.0_gamma_2.0_coef0_1.0_degree_2.0_bc_0.9_kf_tanh_sf_original_p_enabled_DCCa_0.008_FDCC_a_0.008_DILAD_b_0.004.pt
Wed, 14 May 2025 09:17:10  INFO loading embedding provider from .\embedding_providers\TaoBao\TaoBao_m_dgrec_lr_0.05_es_32_bs_2048_wd_8e-08_l_1_nn_4_s_2022_k_20_sigma_1.0_gamma_2.0_coef0_1.0_degree_2.0_bc_0.9_kf_tanh_sf_original_p_enabled_DCCa_0.008_FDCC_a_0.008_DILAD_b_0.004.pt
Wed, 14 May 2025 09:17:12  INFO loading embedding provider from .\embedding_providers\TaoBao\TaoBao_m_dgrec_lr_0.05_es_32_bs_2048_wd_8e-08_l_1_nn_4_s_2022_k_20_sigma_1.0_gamma_2.0_coef0_1.0_degree_2.0_bc_0.9_kf_tanh_sf_original_p_enabled_DCCa_0.008_FDCC_a_0.008_DILAD_b_0.004.pt
Wed, 14 May 2025 09:17:16  INFO loading embedding provider from .\embedding_providers\TaoBao\TaoBao_m_dgrec_lr_0.05_es_32_bs_2048_wd_8e-08_l_1_nn_4_s_2022_k_20_sigma_1.0_gamma_2.0_coef0_1.0_degree_2.0_bc_0.9_kf_tanh_sf_original_p_enabled_DCCa_0.008_FDCC_a_0.008_DILAD_b_0.004.pt
Wed, 14 May 2025 09:17:18  INFO loading embedding provider from .\embedding_providers\TaoBao\TaoBao_m_dgrec_lr_0.05_es_32_bs_2048_wd_8e-08_l_1_nn_4_s_2022_k_20_sigma_1.0_gamma_2.0_coef0_1.0_degree_2.0_bc_0.9_kf_tanh_sf_original_p_enabled_DCCa_0.008_FDCC_a_0.008_DILAD_b_0.004.pt
Wed, 14 May 2025 09:17:20  INFO loading embedding provider from .\embedding_providers\TaoBao\TaoBao_m_dgrec_lr_0.05_es_32_bs_2048_wd_8e-08_l_1_nn_4_s_2022_k_20_sigma_1.0_gamma_2.0_coef0_1.0_degree_2.0_bc_0.9_kf_tanh_sf_original_p_enabled_DCCa_0.008_FDCC_a_0.008_DILAD_b_0.004.pt
Wed, 14 May 2025 09:17:22  INFO loading embedding provider from .\embedding_providers\TaoBao\TaoBao_m_dgrec_lr_0.05_es_32_bs_2048_wd_8e-08_l_1_nn_4_s_2022_k_20_sigma_1.0_gamma_2.0_coef0_1.0_degree_2.0_bc_0.9_kf_tanh_sf_original_p_enabled_DCCa_0.008_FDCC_a_0.008_DILAD_b_0.004.pt
Wed, 14 May 2025 09:17:26  INFO loading embedding provider from .\embedding_providers\TaoBao\TaoBao_m_dgrec_lr_0.05_es_32_bs_2048_wd_8e-08_l_1_nn_4_s_2022_k_20_sigma_1.0_gamma_2.0_coef0_1.0_degree_2.0_bc_0.9_kf_tanh_sf_original_p_enabled_DCCa_0.008_FDCC_a_0.008_DILAD_b_0.004.pt
Wed, 14 May 2025 09:17:28  INFO loading embedding provider from .\embedding_providers\TaoBao\TaoBao_m_dgrec_lr_0.05_es_32_bs_2048_wd_8e-08_l_1_nn_4_s_2022_k_20_sigma_1.0_gamma_2.0_coef0_1.0_degree_2.0_bc_0.9_kf_tanh_sf_original_p_enabled_DCCa_0.008_FDCC_a_0.008_DILAD_b_0.004.pt
Wed, 14 May 2025 09:17:30  INFO loading embedding provider from .\embedding_providers\TaoBao\TaoBao_m_dgrec_lr_0.05_es_32_bs_2048_wd_8e-08_l_1_nn_4_s_2022_k_20_sigma_1.0_gamma_2.0_coef0_1.0_degree_2.0_bc_0.9_kf_tanh_sf_original_p_enabled_DCCa_0.008_FDCC_a_0.008_DILAD_b_0.004.pt
Wed, 14 May 2025 09:17:32  INFO loading embedding provider from .\embedding_providers\TaoBao\TaoBao_m_dgrec_lr_0.05_es_32_bs_2048_wd_8e-08_l_1_nn_4_s_2022_k_20_sigma_1.0_gamma_2.0_coef0_1.0_degree_2.0_bc_0.9_kf_tanh_sf_original_p_enabled_DCCa_0.008_FDCC_a_0.008_DILAD_b_0.004.pt
Wed, 14 May 2025 09:17:36  INFO loading embedding provider from .\embedding_providers\TaoBao\TaoBao_m_dgrec_lr_0.05_es_32_bs_2048_wd_8e-08_l_1_nn_4_s_2022_k_20_sigma_1.0_gamma_2.0_coef0_1.0_degree_2.0_bc_0.9_kf_tanh_sf_original_p_enabled_DCCa_0.008_FDCC_a_0.008_DILAD_b_0.004.pt
Wed, 14 May 2025 09:17:38  INFO loading embedding provider from .\embedding_providers\TaoBao\TaoBao_m_dgrec_lr_0.05_es_32_bs_2048_wd_8e-08_l_1_nn_4_s_2022_k_20_sigma_1.0_gamma_2.0_coef0_1.0_degree_2.0_bc_0.9_kf_tanh_sf_original_p_enabled_DCCa_0.008_FDCC_a_0.008_DILAD_b_0.004.pt
Wed, 14 May 2025 09:17:40  INFO loading embedding provider from .\embedding_providers\TaoBao\TaoBao_m_dgrec_lr_0.05_es_32_bs_2048_wd_8e-08_l_1_nn_4_s_2022_k_20_sigma_1.0_gamma_2.0_coef0_1.0_degree_2.0_bc_0.9_kf_tanh_sf_original_p_enabled_DCCa_0.008_FDCC_a_0.008_DILAD_b_0.004.pt
Wed, 14 May 2025 09:17:43  INFO loading embedding provider from .\embedding_providers\TaoBao\TaoBao_m_dgrec_lr_0.05_es_32_bs_2048_wd_8e-08_l_1_nn_4_s_2022_k_20_sigma_1.0_gamma_2.0_coef0_1.0_degree_2.0_bc_0.9_kf_tanh_sf_original_p_enabled_DCCa_0.008_FDCC_a_0.008_DILAD_b_0.004.pt
Wed, 14 May 2025 09:17:46  INFO loading embedding provider from .\embedding_providers\TaoBao\TaoBao_m_dgrec_lr_0.05_es_32_bs_2048_wd_8e-08_l_1_nn_4_s_2022_k_20_sigma_1.0_gamma_2.0_coef0_1.0_degree_2.0_bc_0.9_kf_tanh_sf_original_p_enabled_DCCa_0.008_FDCC_a_0.008_DILAD_b_0.004.pt
Wed, 14 May 2025 09:17:48  INFO loading embedding provider from .\embedding_providers\TaoBao\TaoBao_m_dgrec_lr_0.05_es_32_bs_2048_wd_8e-08_l_1_nn_4_s_2022_k_20_sigma_1.0_gamma_2.0_coef0_1.0_degree_2.0_bc_0.9_kf_tanh_sf_original_p_enabled_DCCa_0.008_FDCC_a_0.008_DILAD_b_0.004.pt
Wed, 14 May 2025 09:17:50  INFO loading embedding provider from .\embedding_providers\TaoBao\TaoBao_m_dgrec_lr_0.05_es_32_bs_2048_wd_8e-08_l_1_nn_4_s_2022_k_20_sigma_1.0_gamma_2.0_coef0_1.0_degree_2.0_bc_0.9_kf_tanh_sf_original_p_enabled_DCCa_0.008_FDCC_a_0.008_DILAD_b_0.004.pt
Wed, 14 May 2025 09:17:53  INFO loading embedding provider from .\embedding_providers\TaoBao\TaoBao_m_dgrec_lr_0.05_es_32_bs_2048_wd_8e-08_l_1_nn_4_s_2022_k_20_sigma_1.0_gamma_2.0_coef0_1.0_degree_2.0_bc_0.9_kf_tanh_sf_original_p_enabled_DCCa_0.008_FDCC_a_0.008_DILAD_b_0.004.pt
Wed, 14 May 2025 09:17:56  INFO loading embedding provider from .\embedding_providers\TaoBao\TaoBao_m_dgrec_lr_0.05_es_32_bs_2048_wd_8e-08_l_1_nn_4_s_2022_k_20_sigma_1.0_gamma_2.0_coef0_1.0_degree_2.0_bc_0.9_kf_tanh_sf_original_p_enabled_DCCa_0.008_FDCC_a_0.008_DILAD_b_0.004.pt
Wed, 14 May 2025 09:17:58  INFO loading embedding provider from .\embedding_providers\TaoBao\TaoBao_m_dgrec_lr_0.05_es_32_bs_2048_wd_8e-08_l_1_nn_4_s_2022_k_20_sigma_1.0_gamma_2.0_coef0_1.0_degree_2.0_bc_0.9_kf_tanh_sf_original_p_enabled_DCCa_0.008_FDCC_a_0.008_DILAD_b_0.004.pt
Wed, 14 May 2025 09:18:00  INFO loading embedding provider from .\embedding_providers\TaoBao\TaoBao_m_dgrec_lr_0.05_es_32_bs_2048_wd_8e-08_l_1_nn_4_s_2022_k_20_sigma_1.0_gamma_2.0_coef0_1.0_degree_2.0_bc_0.9_kf_tanh_sf_original_p_enabled_DCCa_0.008_FDCC_a_0.008_DILAD_b_0.004.pt
Wed, 14 May 2025 09:18:03  INFO loading embedding provider from .\embedding_providers\TaoBao\TaoBao_m_dgrec_lr_0.05_es_32_bs_2048_wd_8e-08_l_1_nn_4_s_2022_k_20_sigma_1.0_gamma_2.0_coef0_1.0_degree_2.0_bc_0.9_kf_tanh_sf_original_p_enabled_DCCa_0.008_FDCC_a_0.008_DILAD_b_0.004.pt
Wed, 14 May 2025 09:18:06  INFO loading embedding provider from .\embedding_providers\TaoBao\TaoBao_m_dgrec_lr_0.05_es_32_bs_2048_wd_8e-08_l_1_nn_4_s_2022_k_20_sigma_1.0_gamma_2.0_coef0_1.0_degree_2.0_bc_0.9_kf_tanh_sf_original_p_enabled_DCCa_0.008_FDCC_a_0.008_DILAD_b_0.004.pt
Wed, 14 May 2025 09:18:08  INFO loading embedding provider from .\embedding_providers\TaoBao\TaoBao_m_dgrec_lr_0.05_es_32_bs_2048_wd_8e-08_l_1_nn_4_s_2022_k_20_sigma_1.0_gamma_2.0_coef0_1.0_degree_2.0_bc_0.9_kf_tanh_sf_original_p_enabled_DCCa_0.008_FDCC_a_0.008_DILAD_b_0.004.pt
Wed, 14 May 2025 09:18:10  INFO loading embedding provider from .\embedding_providers\TaoBao\TaoBao_m_dgrec_lr_0.05_es_32_bs_2048_wd_8e-08_l_1_nn_4_s_2022_k_20_sigma_1.0_gamma_2.0_coef0_1.0_degree_2.0_bc_0.9_kf_tanh_sf_original_p_enabled_DCCa_0.008_FDCC_a_0.008_DILAD_b_0.004.pt
Wed, 14 May 2025 09:18:12  INFO loading embedding provider from .\embedding_providers\TaoBao\TaoBao_m_dgrec_lr_0.05_es_32_bs_2048_wd_8e-08_l_1_nn_4_s_2022_k_20_sigma_1.0_gamma_2.0_coef0_1.0_degree_2.0_bc_0.9_kf_tanh_sf_original_p_enabled_DCCa_0.008_FDCC_a_0.008_DILAD_b_0.004.pt
Wed, 14 May 2025 09:18:16  INFO loading embedding provider from .\embedding_providers\TaoBao\TaoBao_m_dgrec_lr_0.05_es_32_bs_2048_wd_8e-08_l_1_nn_4_s_2022_k_20_sigma_1.0_gamma_2.0_coef0_1.0_degree_2.0_bc_0.9_kf_tanh_sf_original_p_enabled_DCCa_0.008_FDCC_a_0.008_DILAD_b_0.004.pt
Wed, 14 May 2025 09:18:18  INFO loading embedding provider from .\embedding_providers\TaoBao\TaoBao_m_dgrec_lr_0.05_es_32_bs_2048_wd_8e-08_l_1_nn_4_s_2022_k_20_sigma_1.0_gamma_2.0_coef0_1.0_degree_2.0_bc_0.9_kf_tanh_sf_original_p_enabled_DCCa_0.008_FDCC_a_0.008_DILAD_b_0.004.pt
Wed, 14 May 2025 09:18:20  INFO loading embedding provider from .\embedding_providers\TaoBao\TaoBao_m_dgrec_lr_0.05_es_32_bs_2048_wd_8e-08_l_1_nn_4_s_2022_k_20_sigma_1.0_gamma_2.0_coef0_1.0_degree_2.0_bc_0.9_kf_tanh_sf_original_p_enabled_DCCa_0.008_FDCC_a_0.008_DILAD_b_0.004.pt
Wed, 14 May 2025 09:18:22  INFO loading embedding provider from .\embedding_providers\TaoBao\TaoBao_m_dgrec_lr_0.05_es_32_bs_2048_wd_8e-08_l_1_nn_4_s_2022_k_20_sigma_1.0_gamma_2.0_coef0_1.0_degree_2.0_bc_0.9_kf_tanh_sf_original_p_enabled_DCCa_0.008_FDCC_a_0.008_DILAD_b_0.004.pt
Wed, 14 May 2025 09:18:26  INFO loading embedding provider from .\embedding_providers\TaoBao\TaoBao_m_dgrec_lr_0.05_es_32_bs_2048_wd_8e-08_l_1_nn_4_s_2022_k_20_sigma_1.0_gamma_2.0_coef0_1.0_degree_2.0_bc_0.9_kf_tanh_sf_original_p_enabled_DCCa_0.008_FDCC_a_0.008_DILAD_b_0.004.pt
Wed, 14 May 2025 09:18:28  INFO loading embedding provider from .\embedding_providers\TaoBao\TaoBao_m_dgrec_lr_0.05_es_32_bs_2048_wd_8e-08_l_1_nn_4_s_2022_k_20_sigma_1.0_gamma_2.0_coef0_1.0_degree_2.0_bc_0.9_kf_tanh_sf_original_p_enabled_DCCa_0.008_FDCC_a_0.008_DILAD_b_0.004.pt
Wed, 14 May 2025 09:18:30  INFO loading embedding provider from .\embedding_providers\TaoBao\TaoBao_m_dgrec_lr_0.05_es_32_bs_2048_wd_8e-08_l_1_nn_4_s_2022_k_20_sigma_1.0_gamma_2.0_coef0_1.0_degree_2.0_bc_0.9_kf_tanh_sf_original_p_enabled_DCCa_0.008_FDCC_a_0.008_DILAD_b_0.004.pt
Wed, 14 May 2025 09:18:32  INFO loading embedding provider from .\embedding_providers\TaoBao\TaoBao_m_dgrec_lr_0.05_es_32_bs_2048_wd_8e-08_l_1_nn_4_s_2022_k_20_sigma_1.0_gamma_2.0_coef0_1.0_degree_2.0_bc_0.9_kf_tanh_sf_original_p_enabled_DCCa_0.008_FDCC_a_0.008_DILAD_b_0.004.pt
Wed, 14 May 2025 09:18:36  INFO loading embedding provider from .\embedding_providers\TaoBao\TaoBao_m_dgrec_lr_0.05_es_32_bs_2048_wd_8e-08_l_1_nn_4_s_2022_k_20_sigma_1.0_gamma_2.0_coef0_1.0_degree_2.0_bc_0.9_kf_tanh_sf_original_p_enabled_DCCa_0.008_FDCC_a_0.008_DILAD_b_0.004.pt
Wed, 14 May 2025 09:18:38  INFO loading embedding provider from .\embedding_providers\TaoBao\TaoBao_m_dgrec_lr_0.05_es_32_bs_2048_wd_8e-08_l_1_nn_4_s_2022_k_20_sigma_1.0_gamma_2.0_coef0_1.0_degree_2.0_bc_0.9_kf_tanh_sf_original_p_enabled_DCCa_0.008_FDCC_a_0.008_DILAD_b_0.004.pt
Wed, 14 May 2025 09:18:40  INFO loading embedding provider from .\embedding_providers\TaoBao\TaoBao_m_dgrec_lr_0.05_es_32_bs_2048_wd_8e-08_l_1_nn_4_s_2022_k_20_sigma_1.0_gamma_2.0_coef0_1.0_degree_2.0_bc_0.9_kf_tanh_sf_original_p_enabled_DCCa_0.008_FDCC_a_0.008_DILAD_b_0.004.pt
Wed, 14 May 2025 09:18:42  INFO loading embedding provider from .\embedding_providers\TaoBao\TaoBao_m_dgrec_lr_0.05_es_32_bs_2048_wd_8e-08_l_1_nn_4_s_2022_k_20_sigma_1.0_gamma_2.0_coef0_1.0_degree_2.0_bc_0.9_kf_tanh_sf_original_p_enabled_DCCa_0.008_FDCC_a_0.008_DILAD_b_0.004.pt
Wed, 14 May 2025 09:18:45  INFO loading embedding provider from .\embedding_providers\TaoBao\TaoBao_m_dgrec_lr_0.05_es_32_bs_2048_wd_8e-08_l_1_nn_4_s_2022_k_20_sigma_1.0_gamma_2.0_coef0_1.0_degree_2.0_bc_0.9_kf_tanh_sf_original_p_enabled_DCCa_0.008_FDCC_a_0.008_DILAD_b_0.004.pt
Wed, 14 May 2025 09:18:47  INFO loading embedding provider from .\embedding_providers\TaoBao\TaoBao_m_dgrec_lr_0.05_es_32_bs_2048_wd_8e-08_l_1_nn_4_s_2022_k_20_sigma_1.0_gamma_2.0_coef0_1.0_degree_2.0_bc_0.9_kf_tanh_sf_original_p_enabled_DCCa_0.008_FDCC_a_0.008_DILAD_b_0.004.pt
Wed, 14 May 2025 09:18:49  INFO loading embedding provider from .\embedding_providers\TaoBao\TaoBao_m_dgrec_lr_0.05_es_32_bs_2048_wd_8e-08_l_1_nn_4_s_2022_k_20_sigma_1.0_gamma_2.0_coef0_1.0_degree_2.0_bc_0.9_kf_tanh_sf_original_p_enabled_DCCa_0.008_FDCC_a_0.008_DILAD_b_0.004.pt
Wed, 14 May 2025 09:18:52  INFO loading embedding provider from .\embedding_providers\TaoBao\TaoBao_m_dgrec_lr_0.05_es_32_bs_2048_wd_8e-08_l_1_nn_4_s_2022_k_20_sigma_1.0_gamma_2.0_coef0_1.0_degree_2.0_bc_0.9_kf_tanh_sf_original_p_enabled_DCCa_0.008_FDCC_a_0.008_DILAD_b_0.004.pt
Wed, 14 May 2025 09:18:55  INFO loading embedding provider from .\embedding_providers\TaoBao\TaoBao_m_dgrec_lr_0.05_es_32_bs_2048_wd_8e-08_l_1_nn_4_s_2022_k_20_sigma_1.0_gamma_2.0_coef0_1.0_degree_2.0_bc_0.9_kf_tanh_sf_original_p_enabled_DCCa_0.008_FDCC_a_0.008_DILAD_b_0.004.pt
Wed, 14 May 2025 09:18:57  INFO loading embedding provider from .\embedding_providers\TaoBao\TaoBao_m_dgrec_lr_0.05_es_32_bs_2048_wd_8e-08_l_1_nn_4_s_2022_k_20_sigma_1.0_gamma_2.0_coef0_1.0_degree_2.0_bc_0.9_kf_tanh_sf_original_p_enabled_DCCa_0.008_FDCC_a_0.008_DILAD_b_0.004.pt
Wed, 14 May 2025 09:18:59  INFO loading embedding provider from .\embedding_providers\TaoBao\TaoBao_m_dgrec_lr_0.05_es_32_bs_2048_wd_8e-08_l_1_nn_4_s_2022_k_20_sigma_1.0_gamma_2.0_coef0_1.0_degree_2.0_bc_0.9_kf_tanh_sf_original_p_enabled_DCCa_0.008_FDCC_a_0.008_DILAD_b_0.004.pt
Wed, 14 May 2025 09:19:02  INFO loading embedding provider from .\embedding_providers\TaoBao\TaoBao_m_dgrec_lr_0.05_es_32_bs_2048_wd_8e-08_l_1_nn_4_s_2022_k_20_sigma_1.0_gamma_2.0_coef0_1.0_degree_2.0_bc_0.9_kf_tanh_sf_original_p_enabled_DCCa_0.008_FDCC_a_0.008_DILAD_b_0.004.pt
Wed, 14 May 2025 09:19:06  INFO loading embedding provider from .\embedding_providers\TaoBao\TaoBao_m_dgrec_lr_0.05_es_32_bs_2048_wd_8e-08_l_1_nn_4_s_2022_k_20_sigma_1.0_gamma_2.0_coef0_1.0_degree_2.0_bc_0.9_kf_tanh_sf_original_p_enabled_DCCa_0.008_FDCC_a_0.008_DILAD_b_0.004.pt
Wed, 14 May 2025 09:19:08  INFO loading embedding provider from .\embedding_providers\TaoBao\TaoBao_m_dgrec_lr_0.05_es_32_bs_2048_wd_8e-08_l_1_nn_4_s_2022_k_20_sigma_1.0_gamma_2.0_coef0_1.0_degree_2.0_bc_0.9_kf_tanh_sf_original_p_enabled_DCCa_0.008_FDCC_a_0.008_DILAD_b_0.004.pt
Wed, 14 May 2025 09:19:10  INFO loading embedding provider from .\embedding_providers\TaoBao\TaoBao_m_dgrec_lr_0.05_es_32_bs_2048_wd_8e-08_l_1_nn_4_s_2022_k_20_sigma_1.0_gamma_2.0_coef0_1.0_degree_2.0_bc_0.9_kf_tanh_sf_original_p_enabled_DCCa_0.008_FDCC_a_0.008_DILAD_b_0.004.pt
Wed, 14 May 2025 09:19:13  INFO loading embedding provider from .\embedding_providers\TaoBao\TaoBao_m_dgrec_lr_0.05_es_32_bs_2048_wd_8e-08_l_1_nn_4_s_2022_k_20_sigma_1.0_gamma_2.0_coef0_1.0_degree_2.0_bc_0.9_kf_tanh_sf_original_p_enabled_DCCa_0.008_FDCC_a_0.008_DILAD_b_0.004.pt
Wed, 14 May 2025 09:19:17  INFO loading embedding provider from .\embedding_providers\TaoBao\TaoBao_m_dgrec_lr_0.05_es_32_bs_2048_wd_8e-08_l_1_nn_4_s_2022_k_20_sigma_1.0_gamma_2.0_coef0_1.0_degree_2.0_bc_0.9_kf_tanh_sf_original_p_enabled_DCCa_0.008_FDCC_a_0.008_DILAD_b_0.004.pt
Wed, 14 May 2025 09:19:19  INFO loading embedding provider from .\embedding_providers\TaoBao\TaoBao_m_dgrec_lr_0.05_es_32_bs_2048_wd_8e-08_l_1_nn_4_s_2022_k_20_sigma_1.0_gamma_2.0_coef0_1.0_degree_2.0_bc_0.9_kf_tanh_sf_original_p_enabled_DCCa_0.008_FDCC_a_0.008_DILAD_b_0.004.pt
Wed, 14 May 2025 09:19:21  INFO loading embedding provider from .\embedding_providers\TaoBao\TaoBao_m_dgrec_lr_0.05_es_32_bs_2048_wd_8e-08_l_1_nn_4_s_2022_k_20_sigma_1.0_gamma_2.0_coef0_1.0_degree_2.0_bc_0.9_kf_tanh_sf_original_p_enabled_DCCa_0.008_FDCC_a_0.008_DILAD_b_0.004.pt
Wed, 14 May 2025 09:19:24  INFO loading embedding provider from .\embedding_providers\TaoBao\TaoBao_m_dgrec_lr_0.05_es_32_bs_2048_wd_8e-08_l_1_nn_4_s_2022_k_20_sigma_1.0_gamma_2.0_coef0_1.0_degree_2.0_bc_0.9_kf_tanh_sf_original_p_enabled_DCCa_0.008_FDCC_a_0.008_DILAD_b_0.004.pt
Wed, 14 May 2025 09:19:27  INFO loading embedding provider from .\embedding_providers\TaoBao\TaoBao_m_dgrec_lr_0.05_es_32_bs_2048_wd_8e-08_l_1_nn_4_s_2022_k_20_sigma_1.0_gamma_2.0_coef0_1.0_degree_2.0_bc_0.9_kf_tanh_sf_original_p_enabled_DCCa_0.008_FDCC_a_0.008_DILAD_b_0.004.pt
Wed, 14 May 2025 09:19:30  INFO loading embedding provider from .\embedding_providers\TaoBao\TaoBao_m_dgrec_lr_0.05_es_32_bs_2048_wd_8e-08_l_1_nn_4_s_2022_k_20_sigma_1.0_gamma_2.0_coef0_1.0_degree_2.0_bc_0.9_kf_tanh_sf_original_p_enabled_DCCa_0.008_FDCC_a_0.008_DILAD_b_0.004.pt
Wed, 14 May 2025 09:19:32  INFO loading embedding provider from .\embedding_providers\TaoBao\TaoBao_m_dgrec_lr_0.05_es_32_bs_2048_wd_8e-08_l_1_nn_4_s_2022_k_20_sigma_1.0_gamma_2.0_coef0_1.0_degree_2.0_bc_0.9_kf_tanh_sf_original_p_enabled_DCCa_0.008_FDCC_a_0.008_DILAD_b_0.004.pt
Wed, 14 May 2025 09:19:35  INFO loading embedding provider from .\embedding_providers\TaoBao\TaoBao_m_dgrec_lr_0.05_es_32_bs_2048_wd_8e-08_l_1_nn_4_s_2022_k_20_sigma_1.0_gamma_2.0_coef0_1.0_degree_2.0_bc_0.9_kf_tanh_sf_original_p_enabled_DCCa_0.008_FDCC_a_0.008_DILAD_b_0.004.pt
Wed, 14 May 2025 09:19:38  INFO loading embedding provider from .\embedding_providers\TaoBao\TaoBao_m_dgrec_lr_0.05_es_32_bs_2048_wd_8e-08_l_1_nn_4_s_2022_k_20_sigma_1.0_gamma_2.0_coef0_1.0_degree_2.0_bc_0.9_kf_tanh_sf_original_p_enabled_DCCa_0.008_FDCC_a_0.008_DILAD_b_0.004.pt
Wed, 14 May 2025 09:19:40  INFO loading embedding provider from .\embedding_providers\TaoBao\TaoBao_m_dgrec_lr_0.05_es_32_bs_2048_wd_8e-08_l_1_nn_4_s_2022_k_20_sigma_1.0_gamma_2.0_coef0_1.0_degree_2.0_bc_0.9_kf_tanh_sf_original_p_enabled_DCCa_0.008_FDCC_a_0.008_DILAD_b_0.004.pt
Wed, 14 May 2025 09:19:42  INFO loading embedding provider from .\embedding_providers\TaoBao\TaoBao_m_dgrec_lr_0.05_es_32_bs_2048_wd_8e-08_l_1_nn_4_s_2022_k_20_sigma_1.0_gamma_2.0_coef0_1.0_degree_2.0_bc_0.9_kf_tanh_sf_original_p_enabled_DCCa_0.008_FDCC_a_0.008_DILAD_b_0.004.pt
Wed, 14 May 2025 09:19:45  INFO loading embedding provider from .\embedding_providers\TaoBao\TaoBao_m_dgrec_lr_0.05_es_32_bs_2048_wd_8e-08_l_1_nn_4_s_2022_k_20_sigma_1.0_gamma_2.0_coef0_1.0_degree_2.0_bc_0.9_kf_tanh_sf_original_p_enabled_DCCa_0.008_FDCC_a_0.008_DILAD_b_0.004.pt
Wed, 14 May 2025 09:19:49  INFO loading embedding provider from .\embedding_providers\TaoBao\TaoBao_m_dgrec_lr_0.05_es_32_bs_2048_wd_8e-08_l_1_nn_4_s_2022_k_20_sigma_1.0_gamma_2.0_coef0_1.0_degree_2.0_bc_0.9_kf_tanh_sf_original_p_enabled_DCCa_0.008_FDCC_a_0.008_DILAD_b_0.004.pt
Wed, 14 May 2025 09:19:51  INFO loading embedding provider from .\embedding_providers\TaoBao\TaoBao_m_dgrec_lr_0.05_es_32_bs_2048_wd_8e-08_l_1_nn_4_s_2022_k_20_sigma_1.0_gamma_2.0_coef0_1.0_degree_2.0_bc_0.9_kf_tanh_sf_original_p_enabled_DCCa_0.008_FDCC_a_0.008_DILAD_b_0.004.pt
Wed, 14 May 2025 09:19:53  INFO loading embedding provider from .\embedding_providers\TaoBao\TaoBao_m_dgrec_lr_0.05_es_32_bs_2048_wd_8e-08_l_1_nn_4_s_2022_k_20_sigma_1.0_gamma_2.0_coef0_1.0_degree_2.0_bc_0.9_kf_tanh_sf_original_p_enabled_DCCa_0.008_FDCC_a_0.008_DILAD_b_0.004.pt
Wed, 14 May 2025 09:19:55  INFO loading embedding provider from .\embedding_providers\TaoBao\TaoBao_m_dgrec_lr_0.05_es_32_bs_2048_wd_8e-08_l_1_nn_4_s_2022_k_20_sigma_1.0_gamma_2.0_coef0_1.0_degree_2.0_bc_0.9_kf_tanh_sf_original_p_enabled_DCCa_0.008_FDCC_a_0.008_DILAD_b_0.004.pt
Wed, 14 May 2025 09:19:59  INFO loading embedding provider from .\embedding_providers\TaoBao\TaoBao_m_dgrec_lr_0.05_es_32_bs_2048_wd_8e-08_l_1_nn_4_s_2022_k_20_sigma_1.0_gamma_2.0_coef0_1.0_degree_2.0_bc_0.9_kf_tanh_sf_original_p_enabled_DCCa_0.008_FDCC_a_0.008_DILAD_b_0.004.pt
Wed, 14 May 2025 09:20:01  INFO loading embedding provider from .\embedding_providers\TaoBao\TaoBao_m_dgrec_lr_0.05_es_32_bs_2048_wd_8e-08_l_1_nn_4_s_2022_k_20_sigma_1.0_gamma_2.0_coef0_1.0_degree_2.0_bc_0.9_kf_tanh_sf_original_p_enabled_DCCa_0.008_FDCC_a_0.008_DILAD_b_0.004.pt
Wed, 14 May 2025 09:20:03  INFO loading embedding provider from .\embedding_providers\TaoBao\TaoBao_m_dgrec_lr_0.05_es_32_bs_2048_wd_8e-08_l_1_nn_4_s_2022_k_20_sigma_1.0_gamma_2.0_coef0_1.0_degree_2.0_bc_0.9_kf_tanh_sf_original_p_enabled_DCCa_0.008_FDCC_a_0.008_DILAD_b_0.004.pt
Wed, 14 May 2025 09:20:05  INFO loading embedding provider from .\embedding_providers\TaoBao\TaoBao_m_dgrec_lr_0.05_es_32_bs_2048_wd_8e-08_l_1_nn_4_s_2022_k_20_sigma_1.0_gamma_2.0_coef0_1.0_degree_2.0_bc_0.9_kf_tanh_sf_original_p_enabled_DCCa_0.008_FDCC_a_0.008_DILAD_b_0.004.pt
Wed, 14 May 2025 09:20:08  INFO loading embedding provider from .\embedding_providers\TaoBao\TaoBao_m_dgrec_lr_0.05_es_32_bs_2048_wd_8e-08_l_1_nn_4_s_2022_k_20_sigma_1.0_gamma_2.0_coef0_1.0_degree_2.0_bc_0.9_kf_tanh_sf_original_p_enabled_DCCa_0.008_FDCC_a_0.008_DILAD_b_0.004.pt
Wed, 14 May 2025 09:20:10  INFO loading embedding provider from .\embedding_providers\TaoBao\TaoBao_m_dgrec_lr_0.05_es_32_bs_2048_wd_8e-08_l_1_nn_4_s_2022_k_20_sigma_1.0_gamma_2.0_coef0_1.0_degree_2.0_bc_0.9_kf_tanh_sf_original_p_enabled_DCCa_0.008_FDCC_a_0.008_DILAD_b_0.004.pt
Wed, 14 May 2025 09:20:12  INFO loading embedding provider from .\embedding_providers\TaoBao\TaoBao_m_dgrec_lr_0.05_es_32_bs_2048_wd_8e-08_l_1_nn_4_s_2022_k_20_sigma_1.0_gamma_2.0_coef0_1.0_degree_2.0_bc_0.9_kf_tanh_sf_original_p_enabled_DCCa_0.008_FDCC_a_0.008_DILAD_b_0.004.pt
Wed, 14 May 2025 09:20:15  INFO loading embedding provider from .\embedding_providers\TaoBao\TaoBao_m_dgrec_lr_0.05_es_32_bs_2048_wd_8e-08_l_1_nn_4_s_2022_k_20_sigma_1.0_gamma_2.0_coef0_1.0_degree_2.0_bc_0.9_kf_tanh_sf_original_p_enabled_DCCa_0.008_FDCC_a_0.008_DILAD_b_0.004.pt
Wed, 14 May 2025 09:20:18  INFO loading embedding provider from .\embedding_providers\TaoBao\TaoBao_m_dgrec_lr_0.05_es_32_bs_2048_wd_8e-08_l_1_nn_4_s_2022_k_20_sigma_1.0_gamma_2.0_coef0_1.0_degree_2.0_bc_0.9_kf_tanh_sf_original_p_enabled_DCCa_0.008_FDCC_a_0.008_DILAD_b_0.004.pt
Wed, 14 May 2025 09:20:20  INFO loading embedding provider from .\embedding_providers\TaoBao\TaoBao_m_dgrec_lr_0.05_es_32_bs_2048_wd_8e-08_l_1_nn_4_s_2022_k_20_sigma_1.0_gamma_2.0_coef0_1.0_degree_2.0_bc_0.9_kf_tanh_sf_original_p_enabled_DCCa_0.008_FDCC_a_0.008_DILAD_b_0.004.pt
Wed, 14 May 2025 09:20:23  INFO loading embedding provider from .\embedding_providers\TaoBao\TaoBao_m_dgrec_lr_0.05_es_32_bs_2048_wd_8e-08_l_1_nn_4_s_2022_k_20_sigma_1.0_gamma_2.0_coef0_1.0_degree_2.0_bc_0.9_kf_tanh_sf_original_p_enabled_DCCa_0.008_FDCC_a_0.008_DILAD_b_0.004.pt
Wed, 14 May 2025 09:20:25  INFO loading embedding provider from .\embedding_providers\TaoBao\TaoBao_m_dgrec_lr_0.05_es_32_bs_2048_wd_8e-08_l_1_nn_4_s_2022_k_20_sigma_1.0_gamma_2.0_coef0_1.0_degree_2.0_bc_0.9_kf_tanh_sf_original_p_enabled_DCCa_0.008_FDCC_a_0.008_DILAD_b_0.004.pt
Wed, 14 May 2025 09:20:29  INFO loading embedding provider from .\embedding_providers\TaoBao\TaoBao_m_dgrec_lr_0.05_es_32_bs_2048_wd_8e-08_l_1_nn_4_s_2022_k_20_sigma_1.0_gamma_2.0_coef0_1.0_degree_2.0_bc_0.9_kf_tanh_sf_original_p_enabled_DCCa_0.008_FDCC_a_0.008_DILAD_b_0.004.pt
Wed, 14 May 2025 09:20:31  INFO loading embedding provider from .\embedding_providers\TaoBao\TaoBao_m_dgrec_lr_0.05_es_32_bs_2048_wd_8e-08_l_1_nn_4_s_2022_k_20_sigma_1.0_gamma_2.0_coef0_1.0_degree_2.0_bc_0.9_kf_tanh_sf_original_p_enabled_DCCa_0.008_FDCC_a_0.008_DILAD_b_0.004.pt
Wed, 14 May 2025 09:20:33  INFO loading embedding provider from .\embedding_providers\TaoBao\TaoBao_m_dgrec_lr_0.05_es_32_bs_2048_wd_8e-08_l_1_nn_4_s_2022_k_20_sigma_1.0_gamma_2.0_coef0_1.0_degree_2.0_bc_0.9_kf_tanh_sf_original_p_enabled_DCCa_0.008_FDCC_a_0.008_DILAD_b_0.004.pt
Wed, 14 May 2025 09:20:35  INFO loading embedding provider from .\embedding_providers\TaoBao\TaoBao_m_dgrec_lr_0.05_es_32_bs_2048_wd_8e-08_l_1_nn_4_s_2022_k_20_sigma_1.0_gamma_2.0_coef0_1.0_degree_2.0_bc_0.9_kf_tanh_sf_original_p_enabled_DCCa_0.008_FDCC_a_0.008_DILAD_b_0.004.pt
Wed, 14 May 2025 09:20:39  INFO loading embedding provider from .\embedding_providers\TaoBao\TaoBao_m_dgrec_lr_0.05_es_32_bs_2048_wd_8e-08_l_1_nn_4_s_2022_k_20_sigma_1.0_gamma_2.0_coef0_1.0_degree_2.0_bc_0.9_kf_tanh_sf_original_p_enabled_DCCa_0.008_FDCC_a_0.008_DILAD_b_0.004.pt
Wed, 14 May 2025 09:20:40  INFO loading embedding provider from .\embedding_providers\TaoBao\TaoBao_m_dgrec_lr_0.05_es_32_bs_2048_wd_8e-08_l_1_nn_4_s_2022_k_20_sigma_1.0_gamma_2.0_coef0_1.0_degree_2.0_bc_0.9_kf_tanh_sf_original_p_enabled_DCCa_0.008_FDCC_a_0.008_DILAD_b_0.004.pt
Wed, 14 May 2025 09:20:42  INFO loading embedding provider from .\embedding_providers\TaoBao\TaoBao_m_dgrec_lr_0.05_es_32_bs_2048_wd_8e-08_l_1_nn_4_s_2022_k_20_sigma_1.0_gamma_2.0_coef0_1.0_degree_2.0_bc_0.9_kf_tanh_sf_original_p_enabled_DCCa_0.008_FDCC_a_0.008_DILAD_b_0.004.pt
Wed, 14 May 2025 09:20:45  INFO loading embedding provider from .\embedding_providers\TaoBao\TaoBao_m_dgrec_lr_0.05_es_32_bs_2048_wd_8e-08_l_1_nn_4_s_2022_k_20_sigma_1.0_gamma_2.0_coef0_1.0_degree_2.0_bc_0.9_kf_tanh_sf_original_p_enabled_DCCa_0.008_FDCC_a_0.008_DILAD_b_0.004.pt
Wed, 14 May 2025 09:20:48  INFO loading embedding provider from .\embedding_providers\TaoBao\TaoBao_m_dgrec_lr_0.05_es_32_bs_2048_wd_8e-08_l_1_nn_4_s_2022_k_20_sigma_1.0_gamma_2.0_coef0_1.0_degree_2.0_bc_0.9_kf_tanh_sf_original_p_enabled_DCCa_0.008_FDCC_a_0.008_DILAD_b_0.004.pt
Wed, 14 May 2025 09:20:50  INFO loading embedding provider from .\embedding_providers\TaoBao\TaoBao_m_dgrec_lr_0.05_es_32_bs_2048_wd_8e-08_l_1_nn_4_s_2022_k_20_sigma_1.0_gamma_2.0_coef0_1.0_degree_2.0_bc_0.9_kf_tanh_sf_original_p_enabled_DCCa_0.008_FDCC_a_0.008_DILAD_b_0.004.pt
Wed, 14 May 2025 09:20:52  INFO loading embedding provider from .\embedding_providers\TaoBao\TaoBao_m_dgrec_lr_0.05_es_32_bs_2048_wd_8e-08_l_1_nn_4_s_2022_k_20_sigma_1.0_gamma_2.0_coef0_1.0_degree_2.0_bc_0.9_kf_tanh_sf_original_p_enabled_DCCa_0.008_FDCC_a_0.008_DILAD_b_0.004.pt
Wed, 14 May 2025 09:20:54  INFO loading embedding provider from .\embedding_providers\TaoBao\TaoBao_m_dgrec_lr_0.05_es_32_bs_2048_wd_8e-08_l_1_nn_4_s_2022_k_20_sigma_1.0_gamma_2.0_coef0_1.0_degree_2.0_bc_0.9_kf_tanh_sf_original_p_enabled_DCCa_0.008_FDCC_a_0.008_DILAD_b_0.004.pt
Wed, 14 May 2025 09:20:58  INFO loading embedding provider from .\embedding_providers\TaoBao\TaoBao_m_dgrec_lr_0.05_es_32_bs_2048_wd_8e-08_l_1_nn_4_s_2022_k_20_sigma_1.0_gamma_2.0_coef0_1.0_degree_2.0_bc_0.9_kf_tanh_sf_original_p_enabled_DCCa_0.008_FDCC_a_0.008_DILAD_b_0.004.pt
Wed, 14 May 2025 09:21:00  INFO loading embedding provider from .\embedding_providers\TaoBao\TaoBao_m_dgrec_lr_0.05_es_32_bs_2048_wd_8e-08_l_1_nn_4_s_2022_k_20_sigma_1.0_gamma_2.0_coef0_1.0_degree_2.0_bc_0.9_kf_tanh_sf_original_p_enabled_DCCa_0.008_FDCC_a_0.008_DILAD_b_0.004.pt
Wed, 14 May 2025 09:21:02  INFO loading embedding provider from .\embedding_providers\TaoBao\TaoBao_m_dgrec_lr_0.05_es_32_bs_2048_wd_8e-08_l_1_nn_4_s_2022_k_20_sigma_1.0_gamma_2.0_coef0_1.0_degree_2.0_bc_0.9_kf_tanh_sf_original_p_enabled_DCCa_0.008_FDCC_a_0.008_DILAD_b_0.004.pt
Wed, 14 May 2025 09:21:04  INFO loading embedding provider from .\embedding_providers\TaoBao\TaoBao_m_dgrec_lr_0.05_es_32_bs_2048_wd_8e-08_l_1_nn_4_s_2022_k_20_sigma_1.0_gamma_2.0_coef0_1.0_degree_2.0_bc_0.9_kf_tanh_sf_original_p_enabled_DCCa_0.008_FDCC_a_0.008_DILAD_b_0.004.pt
Wed, 14 May 2025 09:21:07  INFO loading embedding provider from .\embedding_providers\TaoBao\TaoBao_m_dgrec_lr_0.05_es_32_bs_2048_wd_8e-08_l_1_nn_4_s_2022_k_20_sigma_1.0_gamma_2.0_coef0_1.0_degree_2.0_bc_0.9_kf_tanh_sf_original_p_enabled_DCCa_0.008_FDCC_a_0.008_DILAD_b_0.004.pt
Wed, 14 May 2025 09:21:09  INFO loading embedding provider from .\embedding_providers\TaoBao\TaoBao_m_dgrec_lr_0.05_es_32_bs_2048_wd_8e-08_l_1_nn_4_s_2022_k_20_sigma_1.0_gamma_2.0_coef0_1.0_degree_2.0_bc_0.9_kf_tanh_sf_original_p_enabled_DCCa_0.008_FDCC_a_0.008_DILAD_b_0.004.pt
Wed, 14 May 2025 09:21:11  INFO loading embedding provider from .\embedding_providers\TaoBao\TaoBao_m_dgrec_lr_0.05_es_32_bs_2048_wd_8e-08_l_1_nn_4_s_2022_k_20_sigma_1.0_gamma_2.0_coef0_1.0_degree_2.0_bc_0.9_kf_tanh_sf_original_p_enabled_DCCa_0.008_FDCC_a_0.008_DILAD_b_0.004.pt
Wed, 14 May 2025 09:21:14  INFO loading embedding provider from .\embedding_providers\TaoBao\TaoBao_m_dgrec_lr_0.05_es_32_bs_2048_wd_8e-08_l_1_nn_4_s_2022_k_20_sigma_1.0_gamma_2.0_coef0_1.0_degree_2.0_bc_0.9_kf_tanh_sf_original_p_enabled_DCCa_0.008_FDCC_a_0.008_DILAD_b_0.004.pt
Wed, 14 May 2025 09:21:17  INFO loading embedding provider from .\embedding_providers\TaoBao\TaoBao_m_dgrec_lr_0.05_es_32_bs_2048_wd_8e-08_l_1_nn_4_s_2022_k_20_sigma_1.0_gamma_2.0_coef0_1.0_degree_2.0_bc_0.9_kf_tanh_sf_original_p_enabled_DCCa_0.008_FDCC_a_0.008_DILAD_b_0.004.pt
Wed, 14 May 2025 09:21:19  INFO loading embedding provider from .\embedding_providers\TaoBao\TaoBao_m_dgrec_lr_0.05_es_32_bs_2048_wd_8e-08_l_1_nn_4_s_2022_k_20_sigma_1.0_gamma_2.0_coef0_1.0_degree_2.0_bc_0.9_kf_tanh_sf_original_p_enabled_DCCa_0.008_FDCC_a_0.008_DILAD_b_0.004.pt
Wed, 14 May 2025 09:21:21  INFO loading embedding provider from .\embedding_providers\TaoBao\TaoBao_m_dgrec_lr_0.05_es_32_bs_2048_wd_8e-08_l_1_nn_4_s_2022_k_20_sigma_1.0_gamma_2.0_coef0_1.0_degree_2.0_bc_0.9_kf_tanh_sf_original_p_enabled_DCCa_0.008_FDCC_a_0.008_DILAD_b_0.004.pt
Wed, 14 May 2025 09:21:23  INFO loading embedding provider from .\embedding_providers\TaoBao\TaoBao_m_dgrec_lr_0.05_es_32_bs_2048_wd_8e-08_l_1_nn_4_s_2022_k_20_sigma_1.0_gamma_2.0_coef0_1.0_degree_2.0_bc_0.9_kf_tanh_sf_original_p_enabled_DCCa_0.008_FDCC_a_0.008_DILAD_b_0.004.pt
Wed, 14 May 2025 09:21:26  INFO loading embedding provider from .\embedding_providers\TaoBao\TaoBao_m_dgrec_lr_0.05_es_32_bs_2048_wd_8e-08_l_1_nn_4_s_2022_k_20_sigma_1.0_gamma_2.0_coef0_1.0_degree_2.0_bc_0.9_kf_tanh_sf_original_p_enabled_DCCa_0.008_FDCC_a_0.008_DILAD_b_0.004.pt
Wed, 14 May 2025 09:21:28  INFO loading embedding provider from .\embedding_providers\TaoBao\TaoBao_m_dgrec_lr_0.05_es_32_bs_2048_wd_8e-08_l_1_nn_4_s_2022_k_20_sigma_1.0_gamma_2.0_coef0_1.0_degree_2.0_bc_0.9_kf_tanh_sf_original_p_enabled_DCCa_0.008_FDCC_a_0.008_DILAD_b_0.004.pt
Wed, 14 May 2025 09:21:30  INFO loading embedding provider from .\embedding_providers\TaoBao\TaoBao_m_dgrec_lr_0.05_es_32_bs_2048_wd_8e-08_l_1_nn_4_s_2022_k_20_sigma_1.0_gamma_2.0_coef0_1.0_degree_2.0_bc_0.9_kf_tanh_sf_original_p_enabled_DCCa_0.008_FDCC_a_0.008_DILAD_b_0.004.pt
Wed, 14 May 2025 09:21:32  INFO loading embedding provider from .\embedding_providers\TaoBao\TaoBao_m_dgrec_lr_0.05_es_32_bs_2048_wd_8e-08_l_1_nn_4_s_2022_k_20_sigma_1.0_gamma_2.0_coef0_1.0_degree_2.0_bc_0.9_kf_tanh_sf_original_p_enabled_DCCa_0.008_FDCC_a_0.008_DILAD_b_0.004.pt
Wed, 14 May 2025 09:21:36  INFO loading embedding provider from .\embedding_providers\TaoBao\TaoBao_m_dgrec_lr_0.05_es_32_bs_2048_wd_8e-08_l_1_nn_4_s_2022_k_20_sigma_1.0_gamma_2.0_coef0_1.0_degree_2.0_bc_0.9_kf_tanh_sf_original_p_enabled_DCCa_0.008_FDCC_a_0.008_DILAD_b_0.004.pt
Wed, 14 May 2025 09:21:38  INFO loading embedding provider from .\embedding_providers\TaoBao\TaoBao_m_dgrec_lr_0.05_es_32_bs_2048_wd_8e-08_l_1_nn_4_s_2022_k_20_sigma_1.0_gamma_2.0_coef0_1.0_degree_2.0_bc_0.9_kf_tanh_sf_original_p_enabled_DCCa_0.008_FDCC_a_0.008_DILAD_b_0.004.pt
Wed, 14 May 2025 09:21:40  INFO loading embedding provider from .\embedding_providers\TaoBao\TaoBao_m_dgrec_lr_0.05_es_32_bs_2048_wd_8e-08_l_1_nn_4_s_2022_k_20_sigma_1.0_gamma_2.0_coef0_1.0_degree_2.0_bc_0.9_kf_tanh_sf_original_p_enabled_DCCa_0.008_FDCC_a_0.008_DILAD_b_0.004.pt
Wed, 14 May 2025 09:21:43  INFO loading embedding provider from .\embedding_providers\TaoBao\TaoBao_m_dgrec_lr_0.05_es_32_bs_2048_wd_8e-08_l_1_nn_4_s_2022_k_20_sigma_1.0_gamma_2.0_coef0_1.0_degree_2.0_bc_0.9_kf_tanh_sf_original_p_enabled_DCCa_0.008_FDCC_a_0.008_DILAD_b_0.004.pt
Wed, 14 May 2025 09:21:46  INFO loading embedding provider from .\embedding_providers\TaoBao\TaoBao_m_dgrec_lr_0.05_es_32_bs_2048_wd_8e-08_l_1_nn_4_s_2022_k_20_sigma_1.0_gamma_2.0_coef0_1.0_degree_2.0_bc_0.9_kf_tanh_sf_original_p_enabled_DCCa_0.008_FDCC_a_0.008_DILAD_b_0.004.pt
Wed, 14 May 2025 09:21:48  INFO loading embedding provider from .\embedding_providers\TaoBao\TaoBao_m_dgrec_lr_0.05_es_32_bs_2048_wd_8e-08_l_1_nn_4_s_2022_k_20_sigma_1.0_gamma_2.0_coef0_1.0_degree_2.0_bc_0.9_kf_tanh_sf_original_p_enabled_DCCa_0.008_FDCC_a_0.008_DILAD_b_0.004.pt
Wed, 14 May 2025 09:21:50  INFO loading embedding provider from .\embedding_providers\TaoBao\TaoBao_m_dgrec_lr_0.05_es_32_bs_2048_wd_8e-08_l_1_nn_4_s_2022_k_20_sigma_1.0_gamma_2.0_coef0_1.0_degree_2.0_bc_0.9_kf_tanh_sf_original_p_enabled_DCCa_0.008_FDCC_a_0.008_DILAD_b_0.004.pt
Wed, 14 May 2025 09:21:53  INFO loading embedding provider from .\embedding_providers\TaoBao\TaoBao_m_dgrec_lr_0.05_es_32_bs_2048_wd_8e-08_l_1_nn_4_s_2022_k_20_sigma_1.0_gamma_2.0_coef0_1.0_degree_2.0_bc_0.9_kf_tanh_sf_original_p_enabled_DCCa_0.008_FDCC_a_0.008_DILAD_b_0.004.pt
Wed, 14 May 2025 09:21:56  INFO loading embedding provider from .\embedding_providers\TaoBao\TaoBao_m_dgrec_lr_0.05_es_32_bs_2048_wd_8e-08_l_1_nn_4_s_2022_k_20_sigma_1.0_gamma_2.0_coef0_1.0_degree_2.0_bc_0.9_kf_tanh_sf_original_p_enabled_DCCa_0.008_FDCC_a_0.008_DILAD_b_0.004.pt
Wed, 14 May 2025 09:21:58  INFO loading embedding provider from .\embedding_providers\TaoBao\TaoBao_m_dgrec_lr_0.05_es_32_bs_2048_wd_8e-08_l_1_nn_4_s_2022_k_20_sigma_1.0_gamma_2.0_coef0_1.0_degree_2.0_bc_0.9_kf_tanh_sf_original_p_enabled_DCCa_0.008_FDCC_a_0.008_DILAD_b_0.004.pt
Wed, 14 May 2025 09:22:00  INFO loading embedding provider from .\embedding_providers\TaoBao\TaoBao_m_dgrec_lr_0.05_es_32_bs_2048_wd_8e-08_l_1_nn_4_s_2022_k_20_sigma_1.0_gamma_2.0_coef0_1.0_degree_2.0_bc_0.9_kf_tanh_sf_original_p_enabled_DCCa_0.008_FDCC_a_0.008_DILAD_b_0.004.pt
Wed, 14 May 2025 09:22:02  INFO loading embedding provider from .\embedding_providers\TaoBao\TaoBao_m_dgrec_lr_0.05_es_32_bs_2048_wd_8e-08_l_1_nn_4_s_2022_k_20_sigma_1.0_gamma_2.0_coef0_1.0_degree_2.0_bc_0.9_kf_tanh_sf_original_p_enabled_DCCa_0.008_FDCC_a_0.008_DILAD_b_0.004.pt
Wed, 14 May 2025 09:22:05  INFO loading embedding provider from .\embedding_providers\TaoBao\TaoBao_m_dgrec_lr_0.05_es_32_bs_2048_wd_8e-08_l_1_nn_4_s_2022_k_20_sigma_1.0_gamma_2.0_coef0_1.0_degree_2.0_bc_0.9_kf_tanh_sf_original_p_enabled_DCCa_0.008_FDCC_a_0.008_DILAD_b_0.004.pt
Wed, 14 May 2025 09:22:07  INFO loading embedding provider from .\embedding_providers\TaoBao\TaoBao_m_dgrec_lr_0.05_es_32_bs_2048_wd_8e-08_l_1_nn_4_s_2022_k_20_sigma_1.0_gamma_2.0_coef0_1.0_degree_2.0_bc_0.9_kf_tanh_sf_original_p_enabled_DCCa_0.008_FDCC_a_0.008_DILAD_b_0.004.pt
Wed, 14 May 2025 09:22:09  INFO loading embedding provider from .\embedding_providers\TaoBao\TaoBao_m_dgrec_lr_0.05_es_32_bs_2048_wd_8e-08_l_1_nn_4_s_2022_k_20_sigma_1.0_gamma_2.0_coef0_1.0_degree_2.0_bc_0.9_kf_tanh_sf_original_p_enabled_DCCa_0.008_FDCC_a_0.008_DILAD_b_0.004.pt
Wed, 14 May 2025 09:22:12  INFO loading embedding provider from .\embedding_providers\TaoBao\TaoBao_m_dgrec_lr_0.05_es_32_bs_2048_wd_8e-08_l_1_nn_4_s_2022_k_20_sigma_1.0_gamma_2.0_coef0_1.0_degree_2.0_bc_0.9_kf_tanh_sf_original_p_enabled_DCCa_0.008_FDCC_a_0.008_DILAD_b_0.004.pt
Wed, 14 May 2025 09:22:15  INFO loading embedding provider from .\embedding_providers\TaoBao\TaoBao_m_dgrec_lr_0.05_es_32_bs_2048_wd_8e-08_l_1_nn_4_s_2022_k_20_sigma_1.0_gamma_2.0_coef0_1.0_degree_2.0_bc_0.9_kf_tanh_sf_original_p_enabled_DCCa_0.008_FDCC_a_0.008_DILAD_b_0.004.pt
Wed, 14 May 2025 09:22:17  INFO loading embedding provider from .\embedding_providers\TaoBao\TaoBao_m_dgrec_lr_0.05_es_32_bs_2048_wd_8e-08_l_1_nn_4_s_2022_k_20_sigma_1.0_gamma_2.0_coef0_1.0_degree_2.0_bc_0.9_kf_tanh_sf_original_p_enabled_DCCa_0.008_FDCC_a_0.008_DILAD_b_0.004.pt
Wed, 14 May 2025 09:22:19  INFO loading embedding provider from .\embedding_providers\TaoBao\TaoBao_m_dgrec_lr_0.05_es_32_bs_2048_wd_8e-08_l_1_nn_4_s_2022_k_20_sigma_1.0_gamma_2.0_coef0_1.0_degree_2.0_bc_0.9_kf_tanh_sf_original_p_enabled_DCCa_0.008_FDCC_a_0.008_DILAD_b_0.004.pt
Wed, 14 May 2025 09:22:21  INFO loading embedding provider from .\embedding_providers\TaoBao\TaoBao_m_dgrec_lr_0.05_es_32_bs_2048_wd_8e-08_l_1_nn_4_s_2022_k_20_sigma_1.0_gamma_2.0_coef0_1.0_degree_2.0_bc_0.9_kf_tanh_sf_original_p_enabled_DCCa_0.008_FDCC_a_0.008_DILAD_b_0.004.pt
Wed, 14 May 2025 09:22:24  INFO loading embedding provider from .\embedding_providers\TaoBao\TaoBao_m_dgrec_lr_0.05_es_32_bs_2048_wd_8e-08_l_1_nn_4_s_2022_k_20_sigma_1.0_gamma_2.0_coef0_1.0_degree_2.0_bc_0.9_kf_tanh_sf_original_p_enabled_DCCa_0.008_FDCC_a_0.008_DILAD_b_0.004.pt
Wed, 14 May 2025 09:22:26  INFO loading embedding provider from .\embedding_providers\TaoBao\TaoBao_m_dgrec_lr_0.05_es_32_bs_2048_wd_8e-08_l_1_nn_4_s_2022_k_20_sigma_1.0_gamma_2.0_coef0_1.0_degree_2.0_bc_0.9_kf_tanh_sf_original_p_enabled_DCCa_0.008_FDCC_a_0.008_DILAD_b_0.004.pt
Wed, 14 May 2025 09:22:28  INFO loading embedding provider from .\embedding_providers\TaoBao\TaoBao_m_dgrec_lr_0.05_es_32_bs_2048_wd_8e-08_l_1_nn_4_s_2022_k_20_sigma_1.0_gamma_2.0_coef0_1.0_degree_2.0_bc_0.9_kf_tanh_sf_original_p_enabled_DCCa_0.008_FDCC_a_0.008_DILAD_b_0.004.pt
Wed, 14 May 2025 09:22:30  INFO loading embedding provider from .\embedding_providers\TaoBao\TaoBao_m_dgrec_lr_0.05_es_32_bs_2048_wd_8e-08_l_1_nn_4_s_2022_k_20_sigma_1.0_gamma_2.0_coef0_1.0_degree_2.0_bc_0.9_kf_tanh_sf_original_p_enabled_DCCa_0.008_FDCC_a_0.008_DILAD_b_0.004.pt
Wed, 14 May 2025 09:22:34  INFO loading embedding provider from .\embedding_providers\TaoBao\TaoBao_m_dgrec_lr_0.05_es_32_bs_2048_wd_8e-08_l_1_nn_4_s_2022_k_20_sigma_1.0_gamma_2.0_coef0_1.0_degree_2.0_bc_0.9_kf_tanh_sf_original_p_enabled_DCCa_0.008_FDCC_a_0.008_DILAD_b_0.004.pt
Wed, 14 May 2025 09:22:35  INFO loading embedding provider from .\embedding_providers\TaoBao\TaoBao_m_dgrec_lr_0.05_es_32_bs_2048_wd_8e-08_l_1_nn_4_s_2022_k_20_sigma_1.0_gamma_2.0_coef0_1.0_degree_2.0_bc_0.9_kf_tanh_sf_original_p_enabled_DCCa_0.008_FDCC_a_0.008_DILAD_b_0.004.pt
Wed, 14 May 2025 09:22:37  INFO loading embedding provider from .\embedding_providers\TaoBao\TaoBao_m_dgrec_lr_0.05_es_32_bs_2048_wd_8e-08_l_1_nn_4_s_2022_k_20_sigma_1.0_gamma_2.0_coef0_1.0_degree_2.0_bc_0.9_kf_tanh_sf_original_p_enabled_DCCa_0.008_FDCC_a_0.008_DILAD_b_0.004.pt
Wed, 14 May 2025 09:22:38  INFO loading embedding provider from .\embedding_providers\TaoBao\TaoBao_m_dgrec_lr_0.05_es_32_bs_2048_wd_8e-08_l_1_nn_4_s_2022_k_20_sigma_1.0_gamma_2.0_coef0_1.0_degree_2.0_bc_0.9_kf_tanh_sf_original_p_enabled_DCCa_0.008_FDCC_a_0.008_DILAD_b_0.004.pt
Wed, 14 May 2025 09:22:40  INFO For top10, metric recall = 0.008640384614771577
Wed, 14 May 2025 09:22:40  INFO For top20, metric recall = 0.014725627627913532
Wed, 14 May 2025 09:22:40  INFO For top100, metric recall = 0.04689258974131766
Wed, 14 May 2025 09:22:40  INFO For top300, metric recall = 0.0949896157108717
Wed, 14 May 2025 09:22:40  INFO For top10, metric hit_ratio = 0.07028668933718975
Wed, 14 May 2025 09:22:40  INFO For top20, metric hit_ratio = 0.11466363317318747
Wed, 14 May 2025 09:22:40  INFO For top100, metric hit_ratio = 0.30079992254910265
Wed, 14 May 2025 09:22:40  INFO For top300, metric hit_ratio = 0.48061912311062166
Wed, 14 May 2025 09:22:40  INFO For top10, metric coverage = 6.457904227124756
Wed, 14 May 2025 09:22:40  INFO For top20, metric coverage = 11.199653891302507
Wed, 14 May 2025 09:22:40  INFO For top100, metric coverage = 39.011218278411775
Wed, 14 May 2025 09:22:40  INFO For top300, metric coverage = 88.71533164716276
Wed, 14 May 2025 09:22:40  INFO For top10, metric IUD = 0.9444355964660645
Wed, 14 May 2025 09:22:40  INFO For top20, metric IUD = 0.943116307258606
Wed, 14 May 2025 09:22:40  INFO For top100, metric IUD = 0.9344594478607178
Wed, 14 May 2025 09:22:40  INFO For top300, metric IUD = 0.9243194460868835
Wed, 14 May 2025 09:22:40  INFO For top10, metric DILAD = 6.0541476278625434e-05
Wed, 14 May 2025 09:22:40  INFO For top20, metric DILAD = 4.973563984855682e-05
Wed, 14 May 2025 09:22:40  INFO For top100, metric DILAD = 3.42653009528341e-05
Wed, 14 May 2025 09:22:40  INFO For top300, metric DILAD = 2.639326411038888e-05
Wed, 14 May 2025 09:22:40  INFO For top10, metric ILAD = 0.3882740355858841
Wed, 14 May 2025 09:22:40  INFO For top20, metric ILAD = 0.40848568542885977
Wed, 14 May 2025 09:22:40  INFO For top100, metric ILAD = 0.4743446074127278
Wed, 14 May 2025 09:22:40  INFO For top300, metric ILAD = 0.5302009753789204
Wed, 14 May 2025 09:22:40  INFO For top10, metric DCC = 0.0003294720802738178
Wed, 14 May 2025 09:22:40  INFO For top20, metric DCC = 0.000464638629996296
Wed, 14 May 2025 09:22:40  INFO For top100, metric DCC = 0.0009007679534950724
Wed, 14 May 2025 09:22:40  INFO For top300, metric DCC = 0.0013004696566469697
Wed, 14 May 2025 09:22:40  INFO For top10, metric FDCC = 0.0004341623225009452
Wed, 14 May 2025 09:22:40  INFO For top20, metric FDCC = 0.0005947694439947958
Wed, 14 May 2025 09:22:40  INFO For top100, metric FDCC = 0.0010892728928372942
Wed, 14 May 2025 09:22:40  INFO For top300, metric FDCC = 0.0015199895279372885
